
> skyrate-ai-frontend@2.0.0 build
> next build

   Γû▓ Next.js 14.1.0
   - Environments: .env.local, .env

   Creating an optimized production build ...
 Γ£ô Compiled successfully
   Linting and checking validity of types ...
   Collecting page data ...
   Generating static pages (0/36) ...

   Generating static pages (9/36) 

   Generating static pages (18/36) 

   Generating static pages (27/36) 

 Γ£ô Generating static pages (36/36) 
   Finalizing page optimization ...
   Collecting build traces ...

Route (app)                                Size     First Load JS
Γöî Γùï /                                      5.52 kB        96.5 kB
Γö£ Γùï /_not-found                            886 B          85.1 kB
Γö£ Γùï /about                                 207 B          91.2 kB
Γö£ Γùï /admin                                 9.59 kB         101 kB
Γö£ Γùï /applicant                             7.8 kB          102 kB
Γö£ Γùï /applicant/sign-up                     3.53 kB        94.5 kB
Γö£ Γùï /applicant/subscribe                   2.02 kB          93 kB
Γö£ Γùï /blog                                  207 B          91.2 kB
Γö£ ╬╗ /blog/[slug]                           3.58 kB        98.6 kB
Γö£ Γùï /blog/erate-category-2-budget-guide    586 B          91.5 kB
Γö£ Γùï /blog/erate-consultant-software-guide  586 B          91.5 kB
Γö£ Γùï /blog/erate-form-470-guide             586 B          91.5 kB
Γö£ Γùï /blog/erate-vendor-form-470-strategy   586 B          91.5 kB
Γö£ Γùï /blog/how-to-appeal-erate-denial       586 B          91.5 kB
Γö£ Γùï /blog/top-erate-denial-reasons         586 B          91.5 kB
Γö£ Γùï /consultant                            20 kB           118 kB
Γö£ Γùï /contact                               586 B          91.5 kB
Γö£ Γùï /dashboard                             2.21 kB        93.2 kB
Γö£ Γùï /features/appeal-generator             207 B          91.2 kB
Γö£ Γùï /features/applicants                   207 B          91.2 kB
Γö£ Γùï /features/consultants                  207 B          91.2 kB
Γö£ Γùï /features/denial-analysis              207 B          91.2 kB
Γö£ Γùï /features/form-470-tracking            207 B          91.2 kB
Γö£ Γùï /features/frn-monitoring               207 B          91.2 kB
Γö£ Γùï /features/vendors                      207 B          91.2 kB
Γö£ Γùï /onboarding                            6.97 kB          98 kB
Γö£ Γùï /pricing                               2.91 kB        93.9 kB
Γö£ Γùï /privacy                               4.53 kB        95.5 kB
Γö£ Γùï /settings/bens                         5.89 kB         104 kB
Γö£ Γùï /settings/notifications                4.79 kB        95.8 kB
Γö£ Γùï /sign-in                               3.22 kB        96.9 kB
Γö£ Γùï /sign-up                               5.02 kB         103 kB
Γö£ Γùï /subscribe                             4.65 kB         102 kB
Γö£ Γùï /terms                                 4.9 kB         95.9 kB
Γöö Γùï /vendor                                24.5 kB         122 kB
+ First Load JS shared by all              84.2 kB
  Γö£ chunks/8069-fb506cd3c829c190.js        28.9 kB
  Γö£ chunks/fd9d1056-cbe3c420978363a9.js    53.4 kB
  Γöö other shared chunks (total)            1.91 kB


Γùï  (Static)   prerendered as static content
╬╗  (Dynamic)  server-rendered on demand using Node.js

